// Jest Snapshot v1, https://goo.gl/fbAQLP

exports[`renders correctly 1`] = `
<View
  style={
    Object {
      "alignItems": "center",
      "height": 60,
      "justifyContent": "center",
    }
  }
>
  <Text
    style={
      Object {
        "fontSize": 16,
        "fontWeight": "600",
      }
    }
  >
    test
  </Text>
</View>
`;
